============================= test session starts ==============================
platform linux -- Python 3.10.11, pytest-9.0.1, pluggy-1.6.0 -- /opt/conda/bin/python
cachedir: .pytest_cache
hypothesis profile 'default' -> database=DirectoryBasedExampleDatabase('/app/.hypothesis/examples')
rootdir: /app
plugins: hypothesis-6.75.2, anyio-4.12.0
collecting ... collected 4 items

tests/test_data.py::test_load_and_preprocess PASSED                      [ 25%]
tests/test_model.py::test_baseline_model_forward FAILED                  [ 50%]
tests/test_model.py::test_light_model_forward FAILED                     [ 75%]
tests/test_model.py::test_heavy_model_forward FAILED                     [100%]

=================================== FAILURES ===================================
_________________________ test_baseline_model_forward __________________________

    def test_baseline_model_forward():
        input_dim = 10
        model = BaselineModel(input_dim)
        batch_size = 5
>       x = torch.randn(batch_size, input_dim)
E       NameError: name 'torch' is not defined

tests/test_model.py:19: NameError
___________________________ test_light_model_forward ___________________________

    def test_light_model_forward():
        input_dim = 10
        model = LightModel(input_dim)
        batch_size = 5
>       x = torch.randn(batch_size, input_dim)
E       NameError: name 'torch' is not defined

tests/test_model.py:27: NameError
___________________________ test_heavy_model_forward ___________________________

    def test_heavy_model_forward():
        input_dim = 10
        model = HeavyTransformer(input_dim)
        batch_size = 5
>       x = torch.randn(batch_size, input_dim)
E       NameError: name 'torch' is not defined

tests/test_model.py:35: NameError
=========================== short test summary info ============================
FAILED tests/test_model.py::test_baseline_model_forward - NameError: name 'to...
FAILED tests/test_model.py::test_light_model_forward - NameError: name 'torch...
FAILED tests/test_model.py::test_heavy_model_forward - NameError: name 'torch...
========================= 3 failed, 1 passed in 3.20s ==========================
